<html>
<body>
<pre>
<h1>µVision Build Log</h1>
<h2>Tool Versions:</h2>
IDE-Version: µVision V5.32.0.0
Copyright (C) 2020 ARM Ltd and ARM Germany GmbH. All rights reserved.
License Information: Vasya a-styuf@yandex.ru, Pupk, LIC=WHYH9-47SJE-Y8VFK-Z2M7J-BRK7L-12XCV
 
Tool Versions:
Toolchain:       MDK-ARM Plus  Version: 5.32.0.0
Toolchain Path:  C:\Keil_v5\ARM\ARMCC\Bin
C Compiler:      Armcc.exe V5.06 update 7 (build 960)
Assembler:       Armasm.exe V5.06 update 7 (build 960)
Linker/Locator:  ArmLink.exe V5.06 update 7 (build 960)
Library Manager: ArmAr.exe V5.06 update 7 (build 960)
Hex Converter:   FromElf.exe V5.06 update 7 (build 960)
CPU DLL:         SARMCM3.DLL V5.32.0.0
Dialog DLL:      DCM.DLL V1.17.3.0
Target DLL:      STLink\ST-LINKIII-KEIL_SWO.dll V3.0.8.0
Dialog DLL:      TCM.DLL V1.46.0.0
 
<h2>Project:</h2>
D:\YandexDisk\Work\Microcontrolers\1986ÂÅ8\bdd_mk_soft\1986ve8_proj.uvprojx
Project File Date:  10/18/2020

<h2>Output:</h2>
*** Using Compiler 'V5.06 update 7 (build 960)', folder: 'C:\Keil_v5\ARM\ARMCC\Bin'
Rebuild target 'Target (ExtMEM Dbg)'
compiling main.c...
compiling wdt.c...
compiling debug.c...
compiling uarts.c...
compiling adc.c...
compiling sysinit.c...
compiling timers.c...
assembling startup_MDR1986VE8T.s...
compiling dac.c...
compiling core_cm4.c...
linking...
Program Size: Code=12046 RO-data=1390 RW-data=28 ZI-data=2932  
FromELF: creating hex file...
".\Objs\1986ve8_proj.axf" - 0 Error(s), 0 Warning(s).

<h2>Software Packages used:</h2>

Package Vendor: ARM
                http://www.keil.com/pack/ARM.CMSIS.5.7.0.pack
                ARM.CMSIS.5.7.0
                CMSIS (Cortex Microcontroller Software Interface Standard)
   * Component: CORE Version: 5.4.0

Package Vendor: Keil
                http://www.keil.com/pack/Keil.MDR1986VE8T.0.4.1.pack
                Keil.MDR1986VE8T.0.4.1
                Milandr MDR1986VE8T Series Device Support, Drivers and Examples

<h2>Collection of Component include folders:</h2>
  .\RTE\_Target__ExtMEM_Dbg_
  C:\Users\a-sty\AppData\Local\Arm\Packs\ARM\CMSIS\5.7.0\CMSIS\Core\Include
  C:\Users\a-sty\AppData\Local\Arm\Packs\Keil\MDR1986VE8T\0.4.1\Libraries\CMSIS\CM4\DeviceSupport\MDR32F8\inc

<h2>Collection of Component Files used:</h2>

   * Component: ARM::CMSIS:CORE:5.4.0
Build Time Elapsed:  00:00:01
</pre>
</body>
</html>
